// Jest Snapshot v1, https://goo.gl/fbAQLP

exports[`server graphql can query \`__typename\` of product 1`] = `
Object {
  "data": Object {
    "products": Array [
      Object {
        "__typename": "Product",
      },
      Object {
        "__typename": "Product",
      },
    ],
  },
}
`;
